// Jest Snapshot v1, https://goo.gl/fbAQLP

exports[`App Rendering Dashboard data loads properly 1`] = `
<div
  className="grid grid-cols-2 md:grid-cols-3 bg-sky-900"
  id="dashboard"
>
  <a
    className="bg-sky-900 col-span-2 md:col-span-3 bg-sky-900 flex  flex-col text-white py-4 px-2 flex justify-center"
    href="/continent/All"
    id={0}
    onClick={[Function]}
  >
    <h2
      className="text-3xl lg:text-4xl uppercase font-bold text-white"
    >
      All
    </h2>
    <p
      className="text-sm md:text-base pt-2"
    >
       
      Area: 
      0
       m²
    </p>
    <p
      className="text-sm md:text-base"
    >
      Population: 
      0
    </p>
  </a>
</div>
`;
